// Jest Snapshot v1, https://goo.gl/fbAQLP

exports[`App component renders App 1`] = `
<DocumentFragment>
  <div>
    <div>
      I am Input
    </div>
    <div>
      I am Output
    </div>
    <div
      class="historylist"
    />
  </div>
</DocumentFragment>
`;
