// Jest Snapshot v1, https://goo.gl/fbAQLP

exports[`HistoryItem component renders HistoryItem 1`] = `
<DocumentFragment>
  <div
    class="history-item"
  >
    <span
      class="method-area"
    />
    <span
      class="url-area"
    />
  </div>
</DocumentFragment>
`;
